******************************************************************************
              TMS320C55x Linker PC v4.3.8                      
******************************************************************************
>> Linked Sun Jan 29 02:02:44 2017

OUTPUT FILE NAME:   <aic3204.out>
ENTRY POINT SYMBOL: "_c_int00"  address: 000055ba


MEMORY CONFIGURATION

         name            origin    length      used     unused   attr    fill
                        (bytes)   (bytes)    (bytes)   (bytes)
----------------------  --------  ---------  --------  --------  ----  --------
PAGE 0:
  MMR                   00000000   000000c0  00000000  000000c0  RWIX
  BTRSVD                000000c0   00000240  00000000  00000240  RWIX
  DARAM                 00000300   0000fb00  0000b3ee  00004712  RWIX
  VECS                  0000fe00   00000200  00000100  00000100  RWIX
  CE0                   00010000   003f0000  00000000  003f0000  RWIX
  CE1                   00400000   00400000  00000000  00400000  RWIX
  CE2                   00800000   00400000  00000000  00400000  RWIX
  CE3                   00c00000   003f8000  00000000  003f8000  RWIX
  PDROM                 00ff8000   00008000  00000000  00008000  R IX

PAGE 2:
  IOPORT                00000000   00020000  00000000  00020000  RWI 


SECTION ALLOCATION MAP
(Addresses surrounded by []'s are displayed for convenience only!)

output                                                          attributes/
section   page  orgn(bytes) orgn(words) len(bytes) len(words)   input sections
--------  ----  ----------- ----------- ---------- ----------   --------------
.text        0     00000300  [ 00000180 ] 00005494          *   
                   00000300  [ 00000180 ] 00001598          *   rts55x.lib : _printfi.obj (.text)
                   00001898  [ 00000c4c ] 00000543          *              : lowlev.obj (.text)
                   00001ddb  [ 00000eed+] 00000528          *              : trgdrv.obj (.text)
                   00002303  [ 00001181+] 000004b5          *              : memory.obj (.text)
                   000027b8  [ 000013dc ] 0000036c          *              : divd.obj (.text)
                   00002b24  [ 00001592 ] 0000027f          *              : fopen.obj (.text)
                   00002da3  [ 000016d1 ] 00000001          *   --HOLE-- [fill = 20]
                   00002da4  [ 000016d2 ] 00000261          *   csl5502x.lib : mcbsp_rst.obj (.text:MCBSP_reset)
                   00003005  [ 00001802+] 0000025e          *   rts55x.lib : llmpy.obj (.text)
                   00003263  [ 00001931+] 00000259          *              : addd.obj (.text)
                   000034bc  [ 00001a5e ] 00000249          *   aic3204_loop_linein.obj (.text)
                   00003705  [ 00001b82+] 00000249          *   aic3204_tone_headphone.obj (.text)
                   0000394e  [ 00001ca7 ] 0000020c          *   ezdsp5502_gpio.obj (.text)
                   00003b5a  [ 00001dad ] 000001ea          *   rts55x.lib : cmpd.obj (.text)
                   00003d44  [ 00001ea2 ] 0000018e          *   csl5502x.lib : i2c_write.obj (.text:I2C_write)
                   00003ed2  [ 00001f69 ] 00000163          *   rts55x.lib : fputs.obj (.text)
                   00004035  [ 0000201a+] 00000002          *              : vectors.obj (.text)
                   00004037  [ 0000201b ] 00000001          *   --HOLE-- [fill = 20]
                   00004038  [ 0000201c ] 0000015d          *   csl5502x.lib : i2c_read.obj (.text:I2C_read)
                   00004195  [ 000020ca+] 0000014e          *   ezdsp5502_i2cgpio.obj (.text)
                   000042e3  [ 00002171+] 0000014c          *   rts55x.lib : mpyd.obj (.text)
                   0000442f  [ 00002217 ] 00000001          *   --HOLE-- [fill = 20]
                   00004430  [ 00002218 ] 00000130          *   csl5502x.lib : mcbsp_cfg.obj (.text:MCBSP_config)
                   00004560  [ 000022b0 ] 000000ee          *                : mcbsp_open.obj (.text:MCBSP_open)
                   0000464e  [ 00002327 ] 000000e6          *   rts55x.lib : setvbuf.obj (.text)
                   00004734  [ 0000239a ] 000000dd          *              : _io_perm.obj (.text)
                   00004811  [ 00002408+] 000000d5          *   aic3204_test.obj (.text)
                   000048e6  [ 00002473 ] 000000c8          *   rts55x.lib : frcmpyd_div.obj (.text)
                   000049ae  [ 000024d7 ] 000000c2          *              : fflush.obj (.text)
                   00004a70  [ 00002538 ] 000000ba          *              : trgmsg.obj (.text:CIO_breakpoint)
                   00004b2a  [ 00002595 ] 000000ba          *   ezdsp5502_mcbsp.obj (.text)
                   00004be4  [ 000025f2 ] 000000a6          *   rts55x.lib : fputc.obj (.text)
                   00004c8a  [ 00002645 ] 000000a1          *              : divul.obj (.text)
                   00004d2b  [ 00002695 ] 00000001          *   --HOLE-- [fill = 20]
                   00004d2c  [ 00002696 ] 00000082          *   csl5502x.lib : mcbsp_start.obj (.text:MCBSP_start)
                   00004dae  [ 000026d7 ] 0000007d          *   rts55x.lib : ltoa.obj (.text)
                   00004e2b  [ 00002715+] 0000007b          *              : fclose.obj (.text)
                   00004ea6  [ 00002753 ] 00000076          *              : frcmpyd.obj (.text)
                   00004f1c  [ 0000278e ] 00000072          *   csl5502x.lib : i2c_cfg.obj (.text:I2C_config)
                   00004f8e  [ 000027c7 ] 00000072          *   rts55x.lib : remul.obj (.text)
                   00005000  [ 00002800 ] 0000006f          *   ezdsp5502.obj (.text)
                   0000506f  [ 00002837+] 0000006f          *   rts55x.lib : fixdli.obj (.text)
                   000050de  [ 0000286f ] 0000006d          *   ezdsp5502_i2c.obj (.text)
                   0000514b  [ 000028a5+] 0000006d          *   rts55x.lib : trgmsg.obj (.text)
                   000051b8  [ 000028dc ] 0000006b          *              : fseek.obj (.text)
                   00005223  [ 00002911+] 00000067          *              : fltlid.obj (.text)
                   0000528a  [ 00002945 ] 0000005c          *              : atoi.obj (.text)
                   000052e6  [ 00002973 ] 00000055          *   main.obj (.text)
                   0000533b  [ 0000299d+] 00000050          *   rts55x.lib : printf.obj (.text)
                   0000538b  [ 000029c5 ] 00000001          *   --HOLE-- [fill = 20]
                   0000538c  [ 000029c6 ] 0000004f          *   csl5502x.lib : gpio_open.obj (.text:GPIO_open)
                   000053db  [ 000029ed+] 0000004d          *   rts55x.lib : autoinit.obj (.text)
                   00005428  [ 00002a14 ] 0000004b          *              : args_main.obj (.text)
                   00005473  [ 00002a39+] 0000004b          *              : remli.obj (.text)
                   000054be  [ 00002a5f ] 00000048          *              : divli.obj (.text)
                   00005506  [ 00002a83 ] 0000003f          *              : memcpy.obj (.text)
                   00005545  [ 00002aa2+] 0000003e          *              : exit.obj (.text)
                   00005583  [ 00002ac1 ] 00000001          *   --HOLE-- [fill = 20]
                   00005584  [ 00002ac2 ] 00000036          *   csl5502x.lib : mcbsp_cls.obj (.text:MCBSP_close)
                   000055ba  [ 00002add ] 00000034          *   rts55x.lib : boot.obj (.text)
                   000055ee  [ 00002af7 ] 0000002a          *              : fixdi.obj (.text)
                   00005618  [ 00002b0c ] 0000002a          *              : udiv.obj (.text)
                   00005642  [ 00002b21 ] 00000023          *              : memccpy.obj (.text)
                   00005665  [ 00002b32 ] 00000003          *   --HOLE-- [fill = 20]
                   00005668  [ 00002b34 ] 0000001f          *   csl5502x.lib : gpio_dir.obj (.text:GPIO_pinDirection)
                   00005687  [ 00002b43 ] 00000001          *   --HOLE-- [fill = 20]
                   00005688  [ 00002b44 ] 0000001f          *                : gpio_write.obj (.text:GPIO_pinWrite)
                   000056a7  [ 00002b53+] 0000001c          *   rts55x.lib : isinf.obj (.text)
                   000056c3  [ 00002b61 ] 00000001          *   --HOLE-- [fill = 20]
                   000056c4  [ 00002b62 ] 00000014          *   csl5502x.lib : gpio_read.obj (.text:GPIO_pinRead)
                   000056d8  [ 00002b6c ] 00000014          *   rts55x.lib : subd.obj (.text)
                   000056ec  [ 00002b76 ] 00000013          *   csl5502x.lib : gpio_enab.obj (.text:GPIO_pinEnable)
                   000056ff  [ 00002b7f+] 00000013          *   rts55x.lib : lmpy.obj (.text)
                   00005712  [ 00002b89 ] 00000012          *              : _lock.obj (.text)
                   00005724  [ 00002b92 ] 00000010          *              : negd.obj (.text)
                   00005734  [ 00002b9a ] 0000000f          *   csl5502x.lib : irq_gdisab.obj (.text:IRQ_globalDisable)
                   00005743  [ 00002ba1 ] 00000001          *   --HOLE-- [fill = 20]
                   00005744  [ 00002ba2 ] 0000000d          *                : _csl_init.obj (.text:_CSL_init)
                   00005751  [ 00002ba8 ] 00000003          *   --HOLE-- [fill = 20]
                   00005754  [ 00002baa ] 0000000c          *                : csl.obj (.text:CSL_init)
                   00005760  [ 00002bb0 ] 0000000c          *                : irq_grest.obj (.text:IRQ_globalRestore)
                   0000576c  [ 00002bb6 ] 0000000a          *   rts55x.lib : remove.obj (.text)
                   00005776  [ 00002bbb ] 00000007          *              : exit.obj (.text:CIO_breakpoint)
                   0000577d  [ 00002bbe ] 00000003          *   --HOLE-- [fill = 20]
                   00005780  [ 00002bc0 ] 00000007          *   csl5502x.lib : mcbsp_r16.obj (.text:MCBSP_read16)
                   00005787  [ 00002bc3 ] 00000001          *   --HOLE-- [fill = 20]
                   00005788  [ 00002bc4 ] 00000007          *                : mcbsp_w16.obj (.text:MCBSP_write16)
                   0000578f  [ 00002bc7 ] 00000001          *   --HOLE-- [fill = 20]
                   00005790  [ 00002bc8 ] 00000002          *                : csl.obj (.text)
                   00005792  [ 00002bc9 ] 00000002          *   --HOLE-- [fill = 20]

.data        0   [ 00000300 ]  00000180          *   00000000   

.pinit       0   [ 00000300 ]  00000180          *   00000000   

.stack       0   [ 000057a0 ]  00002bd0          *   00001000   
                 [ 000057a0 ]  00002bd0          *   00001000   --HOLE-- [fill = 00]

.sysmem      0   [ 000077a0 ]  00003bd0          *   00001000   UNINITIALIZED
                 [ 000077a0 ]  00003bd0          *   00001000   --HOLE--

.sysstack 
*            0   [ 000097a0 ]  00004bd0          *   00000800   
                 [ 000097a0 ]  00004bd0          *   00000800   --HOLE-- [fill = 00]

.bss         0   [ 0000a7a0 ]  000053d0          *   00000274   
                 [ 0000a7a0 ]  000053d0          *   00000119   rts55x.lib : defs.obj (.bss) [fill = 00]
                 [ 0000a9d2 ]  000054e9          *   000000d0              : trgdrv.obj (.bss) [fill = 00]
                 [ 0000ab72 ]  000055b9          *   00000001   main.obj (.bss) [fill = 00]
                 [ 0000ab74 ]  000055ba          *   00000071   rts55x.lib : lowlev.obj (.bss) [fill = 00]
                 [ 0000ac56 ]  0000562b          *   00000001              : fopen.obj (.bss) [fill = 00]
                 [ 0000ac58 ]  0000562c          *   00000008   ezdsp5502_gpio.obj (.bss) [fill = 00]
                 [ 0000ac68 ]  00005634          *   00000006   rts55x.lib : memory.obj (.bss) [fill = 00]
                 [ 0000ac74 ]  0000563a          *   00000004              : _lock.obj (.bss) [fill = 00]
                 [ 0000ac7c ]  0000563e          *   00000004              : exit.obj (.bss) [fill = 00]
                 [ 0000ac84 ]  00005642          *   00000002   ezdsp5502_mcbsp.obj (.bss) [fill = 00]

.const       0   [ 0000aca0 ]  00005650          *   00000248   
                 [ 0000aca0 ]  00005650          *   00000101   rts55x.lib : ctype.obj (.const:__ctypes_)
                 [ 0000aea2 ]  00005751          *   00000001   --HOLE-- [fill = 00]
                 [ 0000aea4 ]  00005752          *   00000061   main.obj (.const:.string)
                 [ 0000af66 ]  000057b3          *   00000001   --HOLE-- [fill = 00]
                 [ 0000af68 ]  000057b4          *   0000004f   aic3204_test.obj (.const:.string)
                 [ 0000b006 ]  00005803          *   00000030   aic3204_tone_headphone.obj (.const:_$P$T0$1)
                 [ 0000b066 ]  00005833          *   00000001   --HOLE-- [fill = 00]
                 [ 0000b068 ]  00005834          *   00000024   rts55x.lib : _printfi.obj (.const:.string)
                 [ 0000b0b0 ]  00005858          *   0000001b   ezdsp5502_mcbsp.obj (.const:_$P$T0$1)
                 [ 0000b0e6 ]  00005873          *   00000001   --HOLE-- [fill = 00]
                 [ 0000b0e8 ]  00005874          *   0000000c   rts55x.lib : _printfi.obj (.const)
                 [ 0000b100 ]  00005880          *   0000000a   ezdsp5502_i2c.obj (.const:_$P$T0$1)
                 [ 0000b114 ]  0000588a          *   00000008   rts55x.lib : divd.obj (.const:_initial_approx$1)
                 [ 0000b124 ]  00005892          *   00000002              : fputs.obj (.const:.string)
                 [ 0000b128 ]  00005894          *   00000002              : divd.obj (.const)
                 [ 0000b12c ]  00005896          *   00000002              : fltlid.obj (.const)

.cinit       0   [ 0000b130 ]  00005898          *   00000129   
                 [ 0000b130 ]  00005898          *   00000069   csl5502x.lib : csl_mcbspdat.obj (.cinit)
                 [ 0000b202 ]  00005901          *   0000002d   rts55x.lib : lowlev.obj (.cinit)
                 [ 0000b25c ]  0000592e          *   0000002a              : defs.obj (.cinit)
                 [ 0000b2b0 ]  00005958          *   00000025   csl5502x.lib : csl_csldat.obj (.cinit)
                 [ 0000b2fa ]  0000597d          *   00000023                : csl_gpiodat.obj (.cinit)
                 [ 0000b340 ]  000059a0          *   0000000a   rts55x.lib : _lock.obj (.cinit)
                 [ 0000b354 ]  000059aa          *   0000000a              : exit.obj (.cinit)
                 [ 0000b368 ]  000059b4          *   00000004   main.obj (.cinit)
                 [ 0000b370 ]  000059b8          *   00000004   rts55x.lib : fopen.obj (.cinit)
                 [ 0000b378 ]  000059bc          *   00000004              : memory.obj (.cinit)
                 [ 0000b380 ]  000059c0          *   00000001   --HOLE-- [fill = 0]

.cio         0   [ 0000b3a0 ]  000059d0          *   00000120   
                 [ 0000b3a0 ]  000059d0          *   00000120   rts55x.lib : trgmsg.obj (.cio) [fill = 00]

.csldata     0   [ 0000b5e0 ]  00005af0          *   000000a8   
                 [ 0000b5e0 ]  00005af0          *   00000066   csl5502x.lib : csl_mcbspdat.obj (.csldata:MCBSP_data) [fill = 00]
                 [ 0000b6ac ]  00005b56          *   00000022                : csl_csldat.obj (.csldata:SYS_data) [fill = 00]
                 [ 0000b6f0 ]  00005b78          *   00000020                : csl_gpiodat.obj (.csldata:GPIO_data) [fill = 00]

vectors      0     0000fe00  [ 00007f00 ] 00000100          *   
                   0000fe00  [ 00007f00 ] 00000100          *   rts55x.lib : vectors.obj (vectors)


GLOBAL SYMBOLS: SORTED ALPHABETICALLY BY Name 

abs. value/
byte addr   word addr   name
---------   ---------   ----
00000002                $TI_capability$C5500$CallingConvention
00000002                $TI_capability$C5500$MemoryModel
00000001                $TI_capability_requires_rev2
            000053d0    .bss
            00000180    .data
00000300                .text
00005777                C$$EXIT
00004b25                C$$IO$$
000056ff                I$$LMPY
00005618                I$$UDIV
0000562d                I$$UMOD
00004811                _AIC3204_rget
0000485e                _AIC3204_rset
00005790                _CSL5502_LIB_
            00005b78    _CSL_GpioData
            00005af0    _CSL_McbspData
            00005b56    _CSL_SysData
00005754                _CSL_init
00003adf                _EZDSP5502_GPIO_getInput
0000394e                _EZDSP5502_GPIO_init
000039e5                _EZDSP5502_GPIO_setDirection
00003a62                _EZDSP5502_GPIO_setOutput
00004195                _EZDSP5502_I2CGPIO_configLine
0000426c                _EZDSP5502_I2CGPIO_read
000041e8                _EZDSP5502_I2CGPIO_readLine
000042b9                _EZDSP5502_I2CGPIO_write
00004219                _EZDSP5502_I2CGPIO_writeLine
000050de                _EZDSP5502_I2C_init
00005127                _EZDSP5502_I2C_read
000050fb                _EZDSP5502_I2C_reset
00005105                _EZDSP5502_I2C_write
00004b6e                _EZDSP5502_MCBSP_close
00004b2a                _EZDSP5502_MCBSP_init
00004bb0                _EZDSP5502_MCBSP_read
00004b80                _EZDSP5502_MCBSP_write
00005056                _EZDSP5502_init
00005010                _EZDSP5502_wait
00005044                _EZDSP5502_waitusec
0000538c                _GPIO_open
00005668                _GPIO_pinDirection
000056ec                _GPIO_pinEnable
000056c4                _GPIO_pinRead
00005688                _GPIO_pinWrite
000022a5                _HOSTclock
0000223a                _HOSTclose
00002185                _HOSTlseek
000020e6                _HOSTopen
00002059                _HOSTread
00001fab                _HOSTrename
00001f4d                _HOSTtime
00001ee3                _HOSTunlink
00001e56                _HOSTwrite
00004f1c                _I2C_config
00004038                _I2C_read
00003d44                _I2C_write
00005734                _IRQ_globalDisable
00005760                _IRQ_globalRestore
00005584                _MCBSP_close
00004430                _MCBSP_config
00004560                _MCBSP_open
00005780                _MCBSP_read16
00002da4                _MCBSP_reset
00004d2c                _MCBSP_start
00005788                _MCBSP_write16
0000fe00                _Reset
000052e6                _StopTest
            000055b9    _TestFail
            000059d0    __CIOBUF_
00005744                __CSL_init
            00003bd0    __STACK_END
00002000                __STACK_SIZE
00002000                __SYSMEM_SIZE
00001000                __SYSSTACK_SIZE
ffffffff                ___binit__
            000053d0    ___bss__
ffffffff                ___c_args__
            00005898    ___cinit__
            00000180    ___data__
            00000180    ___edata__
            00005644    ___end__
00005794                ___etext__
000056a7                ___isinf
ffffffff                ___pinit__
00000300                ___text__
00003263                __addd
00005428                __args_main
00002c45                __cleanup
            0000563e    __cleanup_ptr
00003cec                __cmpd
            00005650    __ctypes_
000027da                __divd
000054be                __divli
0000322e                __divlli
00005618                __divu
00004c8a                __divul
0000313a                __divull
000049ae                __doflush
            00005640    __dtors_ptr
00003cb8                __eqld
000055ee                __fixdi
0000506f                __fixdli
00005223                __fltlid
00004ea6                __frcmpyd
000048e6                __frcmpyd_div
            000054e8    __ft_end
            000053d0    __ftable
00003c6e                __geqd
00003c23                __gtrd
00003bd6                __leqd
            0000563a    __lock
00003b8e                __lssd
000042e3                __mpyd
000056ff                __mpyli
00003082                __mpylli
00005724                __negd
00003b5a                __neqd
00005722                __nop
00001656                __printfi
000047b4                __rd_ok
0000571a                __register_lock
00005712                __register_unlock
00005473                __remli
00003053                __remlli
0000562d                __remu
00004f8e                __remul
00003005                __remull
            00002bd0    __stack
000056d8                __subd
            00003bd0    __sys_memory
            00004bd0    __sysstack
            00005448    __tmpnams
            0000563c    __unlock
00004734                __wrt_ok
00005776                _abort
00001ceb                _add_device
000034bc                _aic3204_loop_linein
00004888                _aic3204_test
00003705                _aic3204_tone_headphone
            00005642    _aicMcbsp
0000528a                _atoi
000053db                _auto_init
000055ba                _c_int00
00002792                _calloc
0000278a                _chkheap
00001c78                _close
00005545                _exit
00004e2b                _fclose
00004a17                _fflush
00001c6f                _find_registered_device
00002d68                _fopen
00004be4                _fputc
00003ed2                _fputs
00002303                _free
00002734                _free_memory
00002c9f                _freopen
000051b8                _fseek
00001ddb                _getenv
            0000562c    _hGPIO_group0
            0000562e    _hGPIO_group1
            00005630    _hGPIO_group2
            00005632    _hGPIO_group3
00001c09                _lseek
00004dae                _ltoa
000052e8                _main
00002434                _malloc
000026da                _max_free
00005642                _memccpy
00005506                _memcpy
000023cf                _minit
00001b4a                _open
0000533b                _printf
00004be4                _putc
00004c7b                _putchar
00004007                _puts
00001a9c                _read
0000514b                _readmsg
00002529                _realloc
0000576c                _remove
00001a66                _remove_device
00001a0d                _rename
0000464e                _setvbuf
000019da                _unlink
00001898                _write
00004a70                _writemsg
ffffffff                binit
            00005898    cinit
            00000180    edata
            00005644    end
00005794                etext
ffffffff                pinit


GLOBAL SYMBOLS: SORTED BY Symbol Address 

abs. value/
byte addr   word addr   name
---------   ---------   ----
00000001                $TI_capability_requires_rev2
00000002                $TI_capability$C5500$CallingConvention
00000002                $TI_capability$C5500$MemoryModel
            00000180    .data
00000300                .text
            00000180    ___data__
            00000180    ___edata__
00000300                ___text__
            00000180    edata
00001000                __SYSSTACK_SIZE
00001656                __printfi
00001898                _write
000019da                _unlink
00001a0d                _rename
00001a66                _remove_device
00001a9c                _read
00001b4a                _open
00001c09                _lseek
00001c6f                _find_registered_device
00001c78                _close
00001ceb                _add_device
00001ddb                _getenv
00001e56                _HOSTwrite
00001ee3                _HOSTunlink
00001f4d                _HOSTtime
00001fab                _HOSTrename
00002000                __STACK_SIZE
00002000                __SYSMEM_SIZE
00002059                _HOSTread
000020e6                _HOSTopen
00002185                _HOSTlseek
0000223a                _HOSTclose
000022a5                _HOSTclock
00002303                _free
000023cf                _minit
00002434                _malloc
00002529                _realloc
000026da                _max_free
00002734                _free_memory
0000278a                _chkheap
00002792                _calloc
000027da                __divd
00002c45                __cleanup
00002c9f                _freopen
00002d68                _fopen
00002da4                _MCBSP_reset
00003005                __remull
00003053                __remlli
00003082                __mpylli
0000313a                __divull
0000322e                __divlli
00003263                __addd
000034bc                _aic3204_loop_linein
00003705                _aic3204_tone_headphone
0000394e                _EZDSP5502_GPIO_init
000039e5                _EZDSP5502_GPIO_setDirection
00003a62                _EZDSP5502_GPIO_setOutput
00003adf                _EZDSP5502_GPIO_getInput
00003b5a                __neqd
00003b8e                __lssd
00003bd6                __leqd
00003c23                __gtrd
00003c6e                __geqd
00003cb8                __eqld
00003cec                __cmpd
00003d44                _I2C_write
00003ed2                _fputs
00004007                _puts
00004038                _I2C_read
00004195                _EZDSP5502_I2CGPIO_configLine
000041e8                _EZDSP5502_I2CGPIO_readLine
00004219                _EZDSP5502_I2CGPIO_writeLine
0000426c                _EZDSP5502_I2CGPIO_read
000042b9                _EZDSP5502_I2CGPIO_write
000042e3                __mpyd
00004430                _MCBSP_config
00004560                _MCBSP_open
0000464e                _setvbuf
00004734                __wrt_ok
000047b4                __rd_ok
00004811                _AIC3204_rget
0000485e                _AIC3204_rset
00004888                _aic3204_test
000048e6                __frcmpyd_div
000049ae                __doflush
00004a17                _fflush
00004a70                _writemsg
00004b25                C$$IO$$
00004b2a                _EZDSP5502_MCBSP_init
00004b6e                _EZDSP5502_MCBSP_close
00004b80                _EZDSP5502_MCBSP_write
00004bb0                _EZDSP5502_MCBSP_read
00004be4                _fputc
00004be4                _putc
00004c7b                _putchar
00004c8a                __divul
00004d2c                _MCBSP_start
00004dae                _ltoa
00004e2b                _fclose
00004ea6                __frcmpyd
00004f1c                _I2C_config
00004f8e                __remul
00005010                _EZDSP5502_wait
00005044                _EZDSP5502_waitusec
00005056                _EZDSP5502_init
0000506f                __fixdli
000050de                _EZDSP5502_I2C_init
000050fb                _EZDSP5502_I2C_reset
00005105                _EZDSP5502_I2C_write
00005127                _EZDSP5502_I2C_read
0000514b                _readmsg
000051b8                _fseek
00005223                __fltlid
0000528a                _atoi
000052e6                _StopTest
000052e8                _main
0000533b                _printf
0000538c                _GPIO_open
000053db                _auto_init
00005428                __args_main
00005473                __remli
000054be                __divli
00005506                _memcpy
00005545                _exit
00005584                _MCBSP_close
000055ba                _c_int00
000055ee                __fixdi
00005618                I$$UDIV
00005618                __divu
0000562d                I$$UMOD
0000562d                __remu
00005642                _memccpy
00005668                _GPIO_pinDirection
00005688                _GPIO_pinWrite
000056a7                ___isinf
000056c4                _GPIO_pinRead
000056d8                __subd
000056ec                _GPIO_pinEnable
000056ff                I$$LMPY
000056ff                __mpyli
00005712                __register_unlock
0000571a                __register_lock
00005722                __nop
00005724                __negd
00005734                _IRQ_globalDisable
00005744                __CSL_init
00005754                _CSL_init
00005760                _IRQ_globalRestore
0000576c                _remove
00005776                _abort
00005777                C$$EXIT
00005780                _MCBSP_read16
00005788                _MCBSP_write16
00005790                _CSL5502_LIB_
00005794                ___etext__
00005794                etext
            00002bd0    __stack
            00003bd0    __STACK_END
            00003bd0    __sys_memory
            00004bd0    __sysstack
            000053d0    .bss
            000053d0    ___bss__
            000053d0    __ftable
            00005448    __tmpnams
            000054e8    __ft_end
            000055b9    _TestFail
            0000562c    _hGPIO_group0
            0000562e    _hGPIO_group1
            00005630    _hGPIO_group2
            00005632    _hGPIO_group3
            0000563a    __lock
            0000563c    __unlock
            0000563e    __cleanup_ptr
            00005640    __dtors_ptr
            00005642    _aicMcbsp
            00005644    ___end__
            00005644    end
            00005650    __ctypes_
            00005898    ___cinit__
            00005898    cinit
            000059d0    __CIOBUF_
            00005af0    _CSL_McbspData
            00005b56    _CSL_SysData
            00005b78    _CSL_GpioData
0000fe00                _Reset
ffffffff                ___binit__
ffffffff                ___c_args__
ffffffff                ___pinit__
ffffffff                binit
ffffffff                pinit

[190 symbols]
