******************************************************************************
              TMS320C55x Linker PC v4.3.8                      
******************************************************************************
>> Linked Sun Jan 29 03:09:49 2017

OUTPUT FILE NAME:   <fpafir.out>
ENTRY POINT SYMBOL: "_c_int00"  address: 00005806


MEMORY CONFIGURATION

         name            origin    length      used     unused   attr    fill
                        (bytes)   (bytes)    (bytes)   (bytes)
----------------------  --------  ---------  --------  --------  ----  --------
PAGE 0:
  MMR                   00000000   000000c0  00000000  000000c0  RWIX
  BTRSVD                000000c0   00000240  00000000  00000240  RWIX
  DARAM                 00000300   0000fb00  0000b63a  000044c6  RWIX
  VECS                  0000fe00   00000200  00000100  00000100  RWIX
  CE0                   00010000   003f0000  00000000  003f0000  RWIX
  CE1                   00400000   00400000  00000000  00400000  RWIX
  CE2                   00800000   00400000  00000000  00400000  RWIX
  CE3                   00c00000   003f8000  00000000  003f8000  RWIX
  PDROM                 00ff8000   00008000  00000000  00008000  R IX

PAGE 2:
  IOPORT                00000000   00020000  00000000  00020000  RWI 


SECTION ALLOCATION MAP
(Addresses surrounded by []'s are displayed for convenience only!)

output                                                          attributes/
section   page  orgn(bytes) orgn(words) len(bytes) len(words)   input sections
--------  ----  ----------- ----------- ---------- ----------   --------------
.text        0     00000300  [ 00000180 ] 000056e0          *   
                   00000300  [ 00000180 ] 00001598          *   rts55x.lib : _printfi.obj (.text)
                   00001898  [ 00000c4c ] 00000543          *              : lowlev.obj (.text)
                   00001ddb  [ 00000eed+] 00000528          *              : trgdrv.obj (.text)
                   00002303  [ 00001181+] 000004b5          *              : memory.obj (.text)
                   000027b8  [ 000013dc ] 0000036c          *              : divd.obj (.text)
                   00002b24  [ 00001592 ] 0000027f          *              : fopen.obj (.text)
                   00002da3  [ 000016d1 ] 00000001          *   --HOLE-- [fill = 20]
                   00002da4  [ 000016d2 ] 00000261          *   csl5502x.lib : mcbsp_rst.obj (.text:MCBSP_reset)
                   00003005  [ 00001802+] 0000025e          *   rts55x.lib : llmpy.obj (.text)
                   00003263  [ 00001931+] 00000259          *              : addd.obj (.text)
                   000034bc  [ 00001a5e ] 00000249          *   aic3204_loop_linein.obj (.text)
                   00003705  [ 00001b82+] 00000249          *   aic3204_tone_headphone.obj (.text)
                   0000394e  [ 00001ca7 ] 00000249          *   fpa_core.obj (.text)
                   00003b97  [ 00001dcb+] 0000020c          *   ezdsp5502_gpio.obj (.text)
                   00003da3  [ 00001ed1+] 000001ea          *   rts55x.lib : cmpd.obj (.text)
                   00003f8d  [ 00001fc6+] 00000002          *              : vectors.obj (.text)
                   00003f8f  [ 00001fc7 ] 00000001          *   --HOLE-- [fill = 20]
                   00003f90  [ 00001fc8 ] 0000018e          *   csl5502x.lib : i2c_write.obj (.text:I2C_write)
                   0000411e  [ 0000208f ] 00000163          *   rts55x.lib : fputs.obj (.text)
                   00004281  [ 00002140 ] 00000003          *   --HOLE-- [fill = 20]
                   00004284  [ 00002142 ] 0000015d          *   csl5502x.lib : i2c_read.obj (.text:I2C_read)
                   000043e1  [ 000021f0+] 0000014e          *   ezdsp5502_i2cgpio.obj (.text)
                   0000452f  [ 00002297+] 0000014c          *   rts55x.lib : mpyd.obj (.text)
                   0000467b  [ 0000233d ] 00000001          *   --HOLE-- [fill = 20]
                   0000467c  [ 0000233e ] 00000130          *   csl5502x.lib : mcbsp_cfg.obj (.text:MCBSP_config)
                   000047ac  [ 000023d6 ] 000000ee          *                : mcbsp_open.obj (.text:MCBSP_open)
                   0000489a  [ 0000244d ] 000000e6          *   rts55x.lib : setvbuf.obj (.text)
                   00004980  [ 000024c0 ] 000000dd          *              : _io_perm.obj (.text)
                   00004a5d  [ 0000252e+] 000000d5          *   aic3204_test.obj (.text)
                   00004b32  [ 00002599 ] 000000c8          *   rts55x.lib : frcmpyd_div.obj (.text)
                   00004bfa  [ 000025fd ] 000000c2          *              : fflush.obj (.text)
                   00004cbc  [ 0000265e ] 000000ba          *              : trgmsg.obj (.text:CIO_breakpoint)
                   00004d76  [ 000026bb ] 000000ba          *   ezdsp5502_mcbsp.obj (.text)
                   00004e30  [ 00002718 ] 000000a6          *   rts55x.lib : fputc.obj (.text)
                   00004ed6  [ 0000276b ] 000000a1          *              : divul.obj (.text)
                   00004f77  [ 000027bb ] 00000001          *   --HOLE-- [fill = 20]
                   00004f78  [ 000027bc ] 00000082          *   csl5502x.lib : mcbsp_start.obj (.text:MCBSP_start)
                   00004ffa  [ 000027fd ] 0000007d          *   rts55x.lib : ltoa.obj (.text)
                   00005077  [ 0000283b+] 0000007b          *              : fclose.obj (.text)
                   000050f2  [ 00002879 ] 00000076          *              : frcmpyd.obj (.text)
                   00005168  [ 000028b4 ] 00000072          *   csl5502x.lib : i2c_cfg.obj (.text:I2C_config)
                   000051da  [ 000028ed ] 00000072          *   rts55x.lib : remul.obj (.text)
                   0000524c  [ 00002926 ] 0000006f          *   ezdsp5502.obj (.text)
                   000052bb  [ 0000295d+] 0000006f          *   rts55x.lib : fixdli.obj (.text)
                   0000532a  [ 00002995 ] 0000006d          *   ezdsp5502_i2c.obj (.text)
                   00005397  [ 000029cb+] 0000006d          *   rts55x.lib : trgmsg.obj (.text)
                   00005404  [ 00002a02 ] 0000006b          *              : fseek.obj (.text)
                   0000546f  [ 00002a37+] 00000067          *              : fltlid.obj (.text)
                   000054d6  [ 00002a6b ] 0000005c          *              : atoi.obj (.text)
                   00005532  [ 00002a99 ] 00000055          *   main.obj (.text)
                   00005587  [ 00002ac3+] 00000050          *   rts55x.lib : printf.obj (.text)
                   000055d7  [ 00002aeb ] 00000001          *   --HOLE-- [fill = 20]
                   000055d8  [ 00002aec ] 0000004f          *   csl5502x.lib : gpio_open.obj (.text:GPIO_open)
                   00005627  [ 00002b13+] 0000004d          *   rts55x.lib : autoinit.obj (.text)
                   00005674  [ 00002b3a ] 0000004b          *              : args_main.obj (.text)
                   000056bf  [ 00002b5f+] 0000004b          *              : remli.obj (.text)
                   0000570a  [ 00002b85 ] 00000048          *              : divli.obj (.text)
                   00005752  [ 00002ba9 ] 0000003f          *              : memcpy.obj (.text)
                   00005791  [ 00002bc8+] 0000003e          *              : exit.obj (.text)
                   000057cf  [ 00002be7 ] 00000001          *   --HOLE-- [fill = 20]
                   000057d0  [ 00002be8 ] 00000036          *   csl5502x.lib : mcbsp_cls.obj (.text:MCBSP_close)
                   00005806  [ 00002c03 ] 00000034          *   rts55x.lib : boot.obj (.text)
                   0000583a  [ 00002c1d ] 0000002a          *              : fixdi.obj (.text)
                   00005864  [ 00002c32 ] 0000002a          *              : udiv.obj (.text)
                   0000588e  [ 00002c47 ] 00000023          *              : memccpy.obj (.text)
                   000058b1  [ 00002c58 ] 00000003          *   --HOLE-- [fill = 20]
                   000058b4  [ 00002c5a ] 0000001f          *   csl5502x.lib : gpio_dir.obj (.text:GPIO_pinDirection)
                   000058d3  [ 00002c69 ] 00000001          *   --HOLE-- [fill = 20]
                   000058d4  [ 00002c6a ] 0000001f          *                : gpio_write.obj (.text:GPIO_pinWrite)
                   000058f3  [ 00002c79+] 0000001c          *   rts55x.lib : isinf.obj (.text)
                   0000590f  [ 00002c87 ] 00000001          *   --HOLE-- [fill = 20]
                   00005910  [ 00002c88 ] 00000014          *   csl5502x.lib : gpio_read.obj (.text:GPIO_pinRead)
                   00005924  [ 00002c92 ] 00000014          *   rts55x.lib : subd.obj (.text)
                   00005938  [ 00002c9c ] 00000013          *   csl5502x.lib : gpio_enab.obj (.text:GPIO_pinEnable)
                   0000594b  [ 00002ca5+] 00000013          *   rts55x.lib : lmpy.obj (.text)
                   0000595e  [ 00002caf ] 00000012          *              : _lock.obj (.text)
                   00005970  [ 00002cb8 ] 00000010          *              : negd.obj (.text)
                   00005980  [ 00002cc0 ] 0000000f          *   csl5502x.lib : irq_gdisab.obj (.text:IRQ_globalDisable)
                   0000598f  [ 00002cc7 ] 00000001          *   --HOLE-- [fill = 20]
                   00005990  [ 00002cc8 ] 0000000d          *                : _csl_init.obj (.text:_CSL_init)
                   0000599d  [ 00002cce ] 00000003          *   --HOLE-- [fill = 20]
                   000059a0  [ 00002cd0 ] 0000000c          *                : csl.obj (.text:CSL_init)
                   000059ac  [ 00002cd6 ] 0000000c          *                : irq_grest.obj (.text:IRQ_globalRestore)
                   000059b8  [ 00002cdc ] 0000000a          *   rts55x.lib : remove.obj (.text)
                   000059c2  [ 00002ce1 ] 00000007          *              : exit.obj (.text:CIO_breakpoint)
                   000059c9  [ 00002ce4 ] 00000003          *   --HOLE-- [fill = 20]
                   000059cc  [ 00002ce6 ] 00000007          *   csl5502x.lib : mcbsp_r16.obj (.text:MCBSP_read16)
                   000059d3  [ 00002ce9 ] 00000001          *   --HOLE-- [fill = 20]
                   000059d4  [ 00002cea ] 00000007          *                : mcbsp_w16.obj (.text:MCBSP_write16)
                   000059db  [ 00002ced ] 00000001          *   --HOLE-- [fill = 20]
                   000059dc  [ 00002cee ] 00000002          *                : csl.obj (.text)
                   000059de  [ 00002cef ] 00000002          *   --HOLE-- [fill = 20]

.data        0   [ 00000300 ]  00000180          *   00000000   

.pinit       0   [ 00000300 ]  00000180          *   00000000   

.stack       0   [ 000059e0 ]  00002cf0          *   00001000   
                 [ 000059e0 ]  00002cf0          *   00001000   --HOLE-- [fill = 00]

.sysmem      0   [ 000079e0 ]  00003cf0          *   00001000   UNINITIALIZED
                 [ 000079e0 ]  00003cf0          *   00001000   --HOLE--

.sysstack 
*            0   [ 000099e0 ]  00004cf0          *   00000800   
                 [ 000099e0 ]  00004cf0          *   00000800   --HOLE-- [fill = 00]

.bss         0   [ 0000a9e0 ]  000054f0          *   00000274   
                 [ 0000a9e0 ]  000054f0          *   00000119   rts55x.lib : defs.obj (.bss) [fill = 00]
                 [ 0000ac12 ]  00005609          *   000000d0              : trgdrv.obj (.bss) [fill = 00]
                 [ 0000adb2 ]  000056d9          *   00000001   main.obj (.bss) [fill = 00]
                 [ 0000adb4 ]  000056da          *   00000071   rts55x.lib : lowlev.obj (.bss) [fill = 00]
                 [ 0000ae96 ]  0000574b          *   00000001              : fopen.obj (.bss) [fill = 00]
                 [ 0000ae98 ]  0000574c          *   00000008   ezdsp5502_gpio.obj (.bss) [fill = 00]
                 [ 0000aea8 ]  00005754          *   00000006   rts55x.lib : memory.obj (.bss) [fill = 00]
                 [ 0000aeb4 ]  0000575a          *   00000004              : _lock.obj (.bss) [fill = 00]
                 [ 0000aebc ]  0000575e          *   00000004              : exit.obj (.bss) [fill = 00]
                 [ 0000aec4 ]  00005762          *   00000002   ezdsp5502_mcbsp.obj (.bss) [fill = 00]

.const       0   [ 0000aee0 ]  00005770          *   00000248   
                 [ 0000aee0 ]  00005770          *   00000101   rts55x.lib : ctype.obj (.const:__ctypes_)
                 [ 0000b0e2 ]  00005871          *   00000001   fpa_core.obj (.const)
                 [ 0000b0e4 ]  00005872          *   00000061   main.obj (.const:.string)
                 [ 0000b1a6 ]  000058d3          *   00000001   --HOLE-- [fill = 00]
                 [ 0000b1a8 ]  000058d4          *   0000004f   aic3204_test.obj (.const:.string)
                 [ 0000b246 ]  00005923          *   00000030   aic3204_tone_headphone.obj (.const:_$P$T0$1)
                 [ 0000b2a6 ]  00005953          *   00000001   --HOLE-- [fill = 00]
                 [ 0000b2a8 ]  00005954          *   00000024   rts55x.lib : _printfi.obj (.const:.string)
                 [ 0000b2f0 ]  00005978          *   0000001b   ezdsp5502_mcbsp.obj (.const:_$P$T0$1)
                 [ 0000b326 ]  00005993          *   00000001   --HOLE-- [fill = 00]
                 [ 0000b328 ]  00005994          *   0000000c   rts55x.lib : _printfi.obj (.const)
                 [ 0000b340 ]  000059a0          *   0000000a   ezdsp5502_i2c.obj (.const:_$P$T0$1)
                 [ 0000b354 ]  000059aa          *   00000008   rts55x.lib : divd.obj (.const:_initial_approx$1)
                 [ 0000b364 ]  000059b2          *   00000002              : fputs.obj (.const:.string)
                 [ 0000b368 ]  000059b4          *   00000002              : divd.obj (.const)
                 [ 0000b36c ]  000059b6          *   00000002              : fltlid.obj (.const)

.cinit       0   [ 0000b370 ]  000059b8          *   00000129   
                 [ 0000b370 ]  000059b8          *   00000069   csl5502x.lib : csl_mcbspdat.obj (.cinit)
                 [ 0000b442 ]  00005a21          *   0000002d   rts55x.lib : lowlev.obj (.cinit)
                 [ 0000b49c ]  00005a4e          *   0000002a              : defs.obj (.cinit)
                 [ 0000b4f0 ]  00005a78          *   00000025   csl5502x.lib : csl_csldat.obj (.cinit)
                 [ 0000b53a ]  00005a9d          *   00000023                : csl_gpiodat.obj (.cinit)
                 [ 0000b580 ]  00005ac0          *   0000000a   rts55x.lib : _lock.obj (.cinit)
                 [ 0000b594 ]  00005aca          *   0000000a              : exit.obj (.cinit)
                 [ 0000b5a8 ]  00005ad4          *   00000004   main.obj (.cinit)
                 [ 0000b5b0 ]  00005ad8          *   00000004   rts55x.lib : fopen.obj (.cinit)
                 [ 0000b5b8 ]  00005adc          *   00000004              : memory.obj (.cinit)
                 [ 0000b5c0 ]  00005ae0          *   00000001   --HOLE-- [fill = 0]

.cio         0   [ 0000b5e0 ]  00005af0          *   00000120   
                 [ 0000b5e0 ]  00005af0          *   00000120   rts55x.lib : trgmsg.obj (.cio) [fill = 00]

.csldata     0   [ 0000b820 ]  00005c10          *   000000a8   
                 [ 0000b820 ]  00005c10          *   00000066   csl5502x.lib : csl_mcbspdat.obj (.csldata:MCBSP_data) [fill = 00]
                 [ 0000b8ec ]  00005c76          *   00000022                : csl_csldat.obj (.csldata:SYS_data) [fill = 00]
                 [ 0000b930 ]  00005c98          *   00000020                : csl_gpiodat.obj (.csldata:GPIO_data) [fill = 00]

vectors      0     0000fe00  [ 00007f00 ] 00000100          *   
                   0000fe00  [ 00007f00 ] 00000100          *   rts55x.lib : vectors.obj (vectors)


GLOBAL SYMBOLS: SORTED ALPHABETICALLY BY Name 

abs. value/
byte addr   word addr   name
---------   ---------   ----
00000002                $TI_capability$C5500$CallingConvention
00000002                $TI_capability$C5500$MemoryModel
00000001                $TI_capability_requires_rev2
            000054f0    .bss
            00000180    .data
00000300                .text
000059c3                C$$EXIT
00004d71                C$$IO$$
0000594b                I$$LMPY
00005864                I$$UDIV
00005879                I$$UMOD
00004a5d                _AIC3204_rget
00004aaa                _AIC3204_rset
            00005871    _BL
000059dc                _CSL5502_LIB_
            00005c98    _CSL_GpioData
            00005c10    _CSL_McbspData
            00005c76    _CSL_SysData
000059a0                _CSL_init
00003d28                _EZDSP5502_GPIO_getInput
00003b97                _EZDSP5502_GPIO_init
00003c2e                _EZDSP5502_GPIO_setDirection
00003cab                _EZDSP5502_GPIO_setOutput
000043e1                _EZDSP5502_I2CGPIO_configLine
000044b8                _EZDSP5502_I2CGPIO_read
00004434                _EZDSP5502_I2CGPIO_readLine
00004505                _EZDSP5502_I2CGPIO_write
00004465                _EZDSP5502_I2CGPIO_writeLine
0000532a                _EZDSP5502_I2C_init
00005373                _EZDSP5502_I2C_read
00005347                _EZDSP5502_I2C_reset
00005351                _EZDSP5502_I2C_write
00004dba                _EZDSP5502_MCBSP_close
00004d76                _EZDSP5502_MCBSP_init
00004dfc                _EZDSP5502_MCBSP_read
00004dcc                _EZDSP5502_MCBSP_write
000052a2                _EZDSP5502_init
0000525c                _EZDSP5502_wait
00005290                _EZDSP5502_waitusec
000055d8                _GPIO_open
000058b4                _GPIO_pinDirection
00005938                _GPIO_pinEnable
00005910                _GPIO_pinRead
000058d4                _GPIO_pinWrite
000022a5                _HOSTclock
0000223a                _HOSTclose
00002185                _HOSTlseek
000020e6                _HOSTopen
00002059                _HOSTread
00001fab                _HOSTrename
00001f4d                _HOSTtime
00001ee3                _HOSTunlink
00001e56                _HOSTwrite
00005168                _I2C_config
00004284                _I2C_read
00003f90                _I2C_write
00005980                _IRQ_globalDisable
000059ac                _IRQ_globalRestore
000057d0                _MCBSP_close
0000467c                _MCBSP_config
000047ac                _MCBSP_open
000059cc                _MCBSP_read16
00002da4                _MCBSP_reset
00004f78                _MCBSP_start
000059d4                _MCBSP_write16
0000fe00                _Reset
00005532                _StopTest
            000056d9    _TestFail
            00005af0    __CIOBUF_
00005990                __CSL_init
            00003cf0    __STACK_END
00002000                __STACK_SIZE
00002000                __SYSMEM_SIZE
00001000                __SYSSTACK_SIZE
ffffffff                ___binit__
            000054f0    ___bss__
ffffffff                ___c_args__
            000059b8    ___cinit__
            00000180    ___data__
            00000180    ___edata__
            00005764    ___end__
000059e0                ___etext__
000058f3                ___isinf
ffffffff                ___pinit__
00000300                ___text__
00003263                __addd
00005674                __args_main
00002c45                __cleanup
            0000575e    __cleanup_ptr
00003f35                __cmpd
            00005770    __ctypes_
000027da                __divd
0000570a                __divli
0000322e                __divlli
00005864                __divu
00004ed6                __divul
0000313a                __divull
00004bfa                __doflush
            00005760    __dtors_ptr
00003f01                __eqld
0000583a                __fixdi
000052bb                __fixdli
0000546f                __fltlid
000050f2                __frcmpyd
00004b32                __frcmpyd_div
            00005608    __ft_end
            000054f0    __ftable
00003eb7                __geqd
00003e6c                __gtrd
00003e1f                __leqd
            0000575a    __lock
00003dd7                __lssd
0000452f                __mpyd
0000594b                __mpyli
00003082                __mpylli
00005970                __negd
00003da3                __neqd
0000596e                __nop
00001656                __printfi
00004a00                __rd_ok
00005966                __register_lock
0000595e                __register_unlock
000056bf                __remli
00003053                __remlli
00005879                __remu
000051da                __remul
00003005                __remull
            00002cf0    __stack
00005924                __subd
            00003cf0    __sys_memory
            00004cf0    __sysstack
            00005568    __tmpnams
            0000575c    __unlock
00004980                __wrt_ok
000059c2                _abort
00001ceb                _add_device
000034bc                _aic3204_loop_linein
00004ad4                _aic3204_test
00003705                _aic3204_tone_headphone
            00005762    _aicMcbsp
000054d6                _atoi
00005627                _auto_init
00005806                _c_int00
00002792                _calloc
0000278a                _chkheap
00001c78                _close
00005791                _exit
00005077                _fclose
00004c63                _fflush
0000394e                _filtrar_entrada
00001c6f                _find_registered_device
00002d68                _fopen
00004e30                _fputc
0000411e                _fputs
00002303                _free
00002734                _free_memory
00002c9f                _freopen
00005404                _fseek
00001ddb                _getenv
            0000574c    _hGPIO_group0
            0000574e    _hGPIO_group1
            00005750    _hGPIO_group2
            00005752    _hGPIO_group3
00001c09                _lseek
00004ffa                _ltoa
00005534                _main
00002434                _malloc
000026da                _max_free
0000588e                _memccpy
00005752                _memcpy
000023cf                _minit
00001b4a                _open
00005587                _printf
00004e30                _putc
00004ec7                _putchar
00004253                _puts
00001a9c                _read
00005397                _readmsg
00002529                _realloc
000059b8                _remove
00001a66                _remove_device
00001a0d                _rename
0000489a                _setvbuf
000019da                _unlink
00001898                _write
00004cbc                _writemsg
ffffffff                binit
            000059b8    cinit
            00000180    edata
            00005764    end
000059e0                etext
ffffffff                pinit


GLOBAL SYMBOLS: SORTED BY Symbol Address 

abs. value/
byte addr   word addr   name
---------   ---------   ----
00000001                $TI_capability_requires_rev2
00000002                $TI_capability$C5500$CallingConvention
00000002                $TI_capability$C5500$MemoryModel
            00000180    .data
00000300                .text
            00000180    ___data__
            00000180    ___edata__
00000300                ___text__
            00000180    edata
00001000                __SYSSTACK_SIZE
00001656                __printfi
00001898                _write
000019da                _unlink
00001a0d                _rename
00001a66                _remove_device
00001a9c                _read
00001b4a                _open
00001c09                _lseek
00001c6f                _find_registered_device
00001c78                _close
00001ceb                _add_device
00001ddb                _getenv
00001e56                _HOSTwrite
00001ee3                _HOSTunlink
00001f4d                _HOSTtime
00001fab                _HOSTrename
00002000                __STACK_SIZE
00002000                __SYSMEM_SIZE
00002059                _HOSTread
000020e6                _HOSTopen
00002185                _HOSTlseek
0000223a                _HOSTclose
000022a5                _HOSTclock
00002303                _free
000023cf                _minit
00002434                _malloc
00002529                _realloc
000026da                _max_free
00002734                _free_memory
0000278a                _chkheap
00002792                _calloc
000027da                __divd
00002c45                __cleanup
00002c9f                _freopen
00002d68                _fopen
00002da4                _MCBSP_reset
00003005                __remull
00003053                __remlli
00003082                __mpylli
0000313a                __divull
0000322e                __divlli
00003263                __addd
000034bc                _aic3204_loop_linein
00003705                _aic3204_tone_headphone
0000394e                _filtrar_entrada
00003b97                _EZDSP5502_GPIO_init
00003c2e                _EZDSP5502_GPIO_setDirection
00003cab                _EZDSP5502_GPIO_setOutput
00003d28                _EZDSP5502_GPIO_getInput
00003da3                __neqd
00003dd7                __lssd
00003e1f                __leqd
00003e6c                __gtrd
00003eb7                __geqd
00003f01                __eqld
00003f35                __cmpd
00003f90                _I2C_write
0000411e                _fputs
00004253                _puts
00004284                _I2C_read
000043e1                _EZDSP5502_I2CGPIO_configLine
00004434                _EZDSP5502_I2CGPIO_readLine
00004465                _EZDSP5502_I2CGPIO_writeLine
000044b8                _EZDSP5502_I2CGPIO_read
00004505                _EZDSP5502_I2CGPIO_write
0000452f                __mpyd
0000467c                _MCBSP_config
000047ac                _MCBSP_open
0000489a                _setvbuf
00004980                __wrt_ok
00004a00                __rd_ok
00004a5d                _AIC3204_rget
00004aaa                _AIC3204_rset
00004ad4                _aic3204_test
00004b32                __frcmpyd_div
00004bfa                __doflush
00004c63                _fflush
00004cbc                _writemsg
00004d71                C$$IO$$
00004d76                _EZDSP5502_MCBSP_init
00004dba                _EZDSP5502_MCBSP_close
00004dcc                _EZDSP5502_MCBSP_write
00004dfc                _EZDSP5502_MCBSP_read
00004e30                _fputc
00004e30                _putc
00004ec7                _putchar
00004ed6                __divul
00004f78                _MCBSP_start
00004ffa                _ltoa
00005077                _fclose
000050f2                __frcmpyd
00005168                _I2C_config
000051da                __remul
0000525c                _EZDSP5502_wait
00005290                _EZDSP5502_waitusec
000052a2                _EZDSP5502_init
000052bb                __fixdli
0000532a                _EZDSP5502_I2C_init
00005347                _EZDSP5502_I2C_reset
00005351                _EZDSP5502_I2C_write
00005373                _EZDSP5502_I2C_read
00005397                _readmsg
00005404                _fseek
0000546f                __fltlid
000054d6                _atoi
00005532                _StopTest
00005534                _main
00005587                _printf
000055d8                _GPIO_open
00005627                _auto_init
00005674                __args_main
000056bf                __remli
0000570a                __divli
00005752                _memcpy
00005791                _exit
000057d0                _MCBSP_close
00005806                _c_int00
0000583a                __fixdi
00005864                I$$UDIV
00005864                __divu
00005879                I$$UMOD
00005879                __remu
0000588e                _memccpy
000058b4                _GPIO_pinDirection
000058d4                _GPIO_pinWrite
000058f3                ___isinf
00005910                _GPIO_pinRead
00005924                __subd
00005938                _GPIO_pinEnable
0000594b                I$$LMPY
0000594b                __mpyli
0000595e                __register_unlock
00005966                __register_lock
0000596e                __nop
00005970                __negd
00005980                _IRQ_globalDisable
00005990                __CSL_init
000059a0                _CSL_init
000059ac                _IRQ_globalRestore
000059b8                _remove
000059c2                _abort
000059c3                C$$EXIT
000059cc                _MCBSP_read16
000059d4                _MCBSP_write16
000059dc                _CSL5502_LIB_
000059e0                ___etext__
            00002cf0    __stack
000059e0                etext
            00003cf0    __STACK_END
            00003cf0    __sys_memory
            00004cf0    __sysstack
            000054f0    .bss
            000054f0    ___bss__
            000054f0    __ftable
            00005568    __tmpnams
            00005608    __ft_end
            000056d9    _TestFail
            0000574c    _hGPIO_group0
            0000574e    _hGPIO_group1
            00005750    _hGPIO_group2
            00005752    _hGPIO_group3
            0000575a    __lock
            0000575c    __unlock
            0000575e    __cleanup_ptr
            00005760    __dtors_ptr
            00005762    _aicMcbsp
            00005764    ___end__
            00005764    end
            00005770    __ctypes_
            00005871    _BL
            000059b8    ___cinit__
            000059b8    cinit
            00005af0    __CIOBUF_
            00005c10    _CSL_McbspData
            00005c76    _CSL_SysData
            00005c98    _CSL_GpioData
0000fe00                _Reset
ffffffff                ___binit__
ffffffff                ___c_args__
ffffffff                ___pinit__
ffffffff                binit
ffffffff                pinit

[192 symbols]
